// Jest Snapshot v1, https://goo.gl/fbAQLP

exports[`renders correctly 1`] = `
<View
  style={
    Object {
      "alignItems": "center",
      "backgroundColor": "#088BE2",
      "flex": 1,
      "justifyContent": "flex-start",
    }
  }
>
  <Image
    source={
      Object {
        "testUri": "../../../src/assets/images/logo.png",
      }
    }
    style={
      Object {
        "height": "20%",
        "resizeMode": "contain",
        "width": "40%",
      }
    }
  />
  <Image
    source={
      Object {
        "uri": "https://api.adorable.io/avatars/285/dashAvatar.png",
      }
    }
    style={
      Object {
        "borderRadius": 50,
        "height": 100,
        "resizeMode": "cover",
        "width": 100,
      }
    }
  />
  <Text
    accessible={true}
    allowFontScaling={true}
    ellipsizeMode="tail"
    style={
      Object {
        "color": "#FFFFFF",
        "fontSize": 24,
        "textAlign": "center",
      }
    }
  >
    HomeScreen
  </Text>
</View>
`;
